[hotels.ng/index.html]
[backblue.gif]
[fade.gif]
[index.html]
[static.hotels.ng/v7/img/favicons/hotels.ng/favicon.png]
[cdnjs.cloudflare.com/ajax/libs/font-awesome/4.7.0/css/font-awesome.min.css]
[cdnjs.cloudflare.com/ajax/libs/svg4everybody/2.1.9/svg4everybody.js]
[maxcdn.bootstrapcdn.com/bootstrap/3.3.7/css/bootstrap.min.css]
[cdn.jsdelivr.net/npm/flatpickr/dist/flatpickr.min.css]
[static.hotels.ng/v7/stylesheets/css/appv80.minfd6b.css]
[cdnjs.cloudflare.com/ajax/libs/jquery/1.12.4/jquery.min.js]
[pagead2.googlesyndication.com/pagead/js/f.txt]
[hotels.ng/media/v7/stylesheets/fonts/lato-light-latin-ext.woff2]
[connect.facebook.net/en_US/fbevents.js]
[hotels.ng/media/v7/stylesheets/fonts/lato-light-latin.woff2]
[hotels.ng/media/v7/stylesheets/fonts/lato-regular-latin-ext.woff2]
[hotels.ng/media/v7/stylesheets/fonts/lato-regular-latin.woff2]
[hotels.ng/media/v7/stylesheets/fonts/lato-bold-latin-ext.woff2]
[hotels.ng/media/v7/stylesheets/fonts/lato-bold-latin.woff2]
[hotels.ng/media/v7/img/logo/logo.svg]
[static.hotels.ng/v7/img/navbar-contact-min.jpg]
[hotels.ng/media/v7/img/header.svg]
[hotels.ng/signin.html]
[hotels.ng/media/v7/img/icons.svg]
[hotels.ng/signup.html]
[static.hotels.ng/v7/img/v7-homepage1.jpg]
[hotels.ng/hotels-in-lagos.html]
[hotels.ng/hotels-in-abuja.html]
[hotels.ng/hotels-in-rivers/port-harcourt.html]
[hotels.ng/hotels-in-kaduna.html]
[hotels.ng/hotels-in-akwaibom/uyo.html]
[hotels.ng/hotels-in-oyo/ibadan.html]
[hotels.ng/hotel/1470633-wavecrest-beach-resort226f.html]
[m.hotels.ng/img/h1470633/562/422/b1/wavecrest-beach-resort-1470633-12.jpg]
[hotels.ng/hotels-in-lagos/ibeju-lekki.html]
[hotels.ng/hotel/92856-the-avenue-suites-lagosc2a4.html]
[m.hotels.ng/img/h92856/562/422/b1/the-avenue-suites-92856-11.jpg]
[hotels.ng/hotels-in-lagos/victoria-island.html]
[hotels.ng/hotel/1441443-appleville-suitesd998.html]
[m.hotels.ng/img/h1441443/562/422/b1/appleville-suites-1441443-5.jpg]
[hotels.ng/hotels-in-lagos/ikeja.html]
[hotels.ng/hotel/1004331-begonia-hotel-oyo7e02.html]
[m.hotels.ng/img/h1004331/562/422/b1/begonia-hotel-1004331-35.jpg]
[hotels.ng/hotels-in-oyo/ilora.html]
[hotels.ng/hotels-in-oyo.html]
[hotels.ng/hotel/1470786-bon-hotel-garden-city-port-harcourt0cf1.html]
[m.hotels.ng/img/h1470786/562/422/b1/bon-hotel-garden-city-port-harcourt-1470786-11.jpg]
[hotels.ng/hotels-in-rivers.html]
[hotels.ng/hotel/1470842-luxol-homes-suitesdc8a.html]
[m.hotels.ng/img/h1470842/562/422/b1/luxol-homes-&-suites-1470842-13.jpg]
[static.hotels.ng/v7/img/popular/lagos_city1.jpg]
[static.hotels.ng/v7/img/popular/abuja_city1.jpg]
[hotels.ng/hotels-in-crossriver/calabar.html]
[static.hotels.ng/v7/img/popular/crossriver_city1.jpg]
[static.hotels.ng/v7/img/popular/port-harcourt_city1.jpg]
[hotels.ng/hotels-in-imo/owerri.html]
[static.hotels.ng/v7/img/popular/owerri_city1.jpg]
[static.hotels.ng/v7/img/popular/uyo_city1.jpg]
[hotels.ng/hotels-in-abia.html]
[hotels.ng/hotels-in-adamawa.html]
[hotels.ng/hotels-in-akwaibom.html]
[hotels.ng/hotels-in-anambra.html]
[hotels.ng/hotels-in-bauchi.html]
[hotels.ng/hotels-in-bayelsa.html]
[hotels.ng/hotels-in-benue.html]
[hotels.ng/hotels-in-borno.html]
[hotels.ng/hotels-in-crossriver.html]
[hotels.ng/hotels-in-delta.html]
[hotels.ng/hotels-in-ebonyi.html]
[hotels.ng/hotels-in-edo.html]
[hotels.ng/hotels-in-ekiti.html]
[hotels.ng/hotels-in-enugu.html]
[hotels.ng/hotels-in-fct.html]
[hotels.ng/hotels-in-gombe.html]
[hotels.ng/hotels-in-imo.html]
[hotels.ng/hotels-in-jigawa.html]
[hotels.ng/hotels-in-kano.html]
[hotels.ng/hotels-in-katsina.html]
[hotels.ng/hotels-in-kebbi.html]
[hotels.ng/hotels-in-kogi.html]
[hotels.ng/hotels-in-kwara.html]
[hotels.ng/hotels-in-nasarawa.html]
[hotels.ng/hotels-in-niger.html]
[hotels.ng/hotels-in-ogun.html]
[hotels.ng/hotels-in-ondo.html]
[hotels.ng/hotels-in-osun.html]
[hotels.ng/hotels-in-plateau.html]
[hotels.ng/hotels-in-sokoto.html]
[hotels.ng/hotels-in-taraba.html]
[hotels.ng/hotels-in-yobe.html]
[hotels.ng/hotels-in-zamfara.html]
[hotels.ng/hotel/add.html]
[static.hotels.ng/v7/img/footer/get-app-image-international.png]
[static.hotels.ng/v7/img/google-play-min.png]
[hotels.ng/index.html]
[cdnjs.cloudflare.com/ajax/libs/font-awesome/4.7.0/css/font-awesome.min.css]
[maxcdn.bootstrapcdn.com/bootstrap/3.3.7/css/bootstrap.min.css]
[cdn.jsdelivr.net/npm/flatpickr/dist/flatpickr.min.css]
[static.hotels.ng/v7/stylesheets/css/appv80.minfd6b.css]
[connect.facebook.net/en_US/fbevents.js]
[hotels.ng/media/v7/img/logo/logo.svg]
[hotels.ng/media/v7/img/header.svg]
[hotels.ng/media/v7/img/icons.svg]
[hotels.ng/signin.html]
[hotels.ng/signup.html]
[hotels.ng/hotels-in-lagos.html]
[hotels.ng/hotels-in-abuja.html]
[hotels.ng/hotels-in-rivers/port-harcourt.html]
[hotels.ng/hotels-in-kaduna.html]
[hotels.ng/hotels-in-akwaibom/uyo.html]
[hotels.ng/hotels-in-oyo/ibadan.html]
[hotels.ng/hotel/1470633-wavecrest-beach-resort226f.html]
[hotels.ng/hotels-in-lagos/ibeju-lekki.html]
[hotels.ng/hotel/92856-the-avenue-suites-lagosc2a4.html]
[hotels.ng/hotels-in-lagos/victoria-island.html]
[hotels.ng/hotel/1441443-appleville-suitesd998.html]
[hotels.ng/hotels-in-lagos/ikeja.html]
[hotels.ng/hotel/1004331-begonia-hotel-oyo7e02.html]
[hotels.ng/hotels-in-oyo/ilora.html]
[hotels.ng/hotels-in-oyo.html]
[hotels.ng/hotel/1470786-bon-hotel-garden-city-port-harcourt0cf1.html]
[hotels.ng/hotels-in-rivers.html]
[hotels.ng/hotel/1470842-luxol-homes-suitesdc8a.html]
[hotels.ng/hotels-in-crossriver/calabar.html]
[hotels.ng/hotels-in-imo/owerri.html]
[hotels.ng/hotels-in-abia.html]
[hotels.ng/hotels-in-adamawa.html]
[hotels.ng/hotels-in-akwaibom.html]
[hotels.ng/hotels-in-anambra.html]
[hotels.ng/hotels-in-bauchi.html]
[hotels.ng/hotels-in-bayelsa.html]
[hotels.ng/hotels-in-benue.html]
[hotels.ng/hotels-in-borno.html]
[hotels.ng/hotels-in-crossriver.html]
[hotels.ng/hotels-in-delta.html]
[hotels.ng/hotels-in-ebonyi.html]
[hotels.ng/hotels-in-edo.html]
[hotels.ng/hotels-in-ekiti.html]
[hotels.ng/hotels-in-enugu.html]
[hotels.ng/hotels-in-fct.html]
[hotels.ng/hotels-in-gombe.html]
[hotels.ng/hotels-in-imo.html]
[hotels.ng/hotels-in-jigawa.html]
[hotels.ng/hotels-in-kano.html]
[hotels.ng/hotels-in-katsina.html]
[hotels.ng/hotels-in-kebbi.html]
[hotels.ng/hotels-in-kogi.html]
[hotels.ng/hotels-in-kwara.html]
[hotels.ng/hotels-in-nasarawa.html]
[hotels.ng/hotels-in-niger.html]
[hotels.ng/hotels-in-ogun.html]
[hotels.ng/hotels-in-ondo.html]
[hotels.ng/hotels-in-osun.html]
[hotels.ng/hotels-in-plateau.html]
[hotels.ng/hotels-in-sokoto.html]
[hotels.ng/hotels-in-taraba.html]
[hotels.ng/hotels-in-yobe.html]
[hotels.ng/hotels-in-zamfara.html]
[hotels.ng/hotel/add.html]
[media.hotels.ng/img/h1012467/260/240/b1/bagari-suites-limited-1012467-3.jpg]
